0 verbose cli C:\Program Files\nodejs\node.exe C:\Program Files\nodejs\node_modules\npm\bin\npm-cli.js
1 info using npm@10.9.3
2 info using node@v22.19.0
3 silly config load:file:C:\Program Files\nodejs\node_modules\npm\npmrc
4 silly config load:file:F:\Repositorios 2-2026\Capricho-Store\.npmrc
5 silly config load:file:C:\Users\Josep\.npmrc
6 silly config load:file:C:\Users\Josep\AppData\Roaming\npm\etc\npmrc
7 verbose title npm view @angular/cli version
8 verbose argv "view" "@angular/cli" "version" "--cache" ".npm-cache"
9 verbose logfile logs-max:10 dir:F:\Repositorios 2-2026\Capricho-Store\.npm-cache\_logs\2026-08-31T01_21_19_832Z-
10 verbose logfile F:\Repositorios 2-2026\Capricho-Store\.npm-cache\_logs\2026-08-31T01_21_19_832Z-debug-0.log
11 silly logfile done cleaning log files
12 http fetch GET 200 https://registry.npmjs.org/npm 560ms
13 http fetch GET 200 https://registry.npmjs.org/@angular%2fcli 841ms (cache miss)
14 verbose cwd F:\Repositorios 2-2026\Capricho-Store
15 verbose os Windows_NT 10.0.26200
16 verbose node v22.19.0
17 verbose npm  v10.9.3
18 notice
18 notice New major version of npm available! 10.9.3 -> 12.0.2
18 notice Changelog: https://github.com/npm/cli/releases/tag/v12.0.2
18 notice To update run: npm install -g npm@12.0.2
18 notice  { force: true, [Symbol(proc-log.meta)]: true }
19 verbose exit 0
20 info ok
