0 verbose cli C:\Program Files\nodejs\node.exe C:\Program Files\nodejs\node_modules\npm\bin\npm-cli.js
1 info using npm@10.9.3
2 info using node@v22.19.0
3 silly config load:file:C:\Program Files\nodejs\node_modules\npm\npmrc
4 silly config load:file:F:\Repositorios 2-2026\Capricho-Store\frontend-web\.npmrc
5 silly config load:file:C:\Users\Josep\.npmrc
6 silly config load:file:C:\Users\Josep\AppData\Roaming\npm\etc\npmrc
7 verbose title npm install @fontsource/alef
8 verbose argv "install" "@fontsource/alef" "--cache" "..\\.npm-cache"
9 verbose logfile logs-max:10 dir:F:\Repositorios 2-2026\Capricho-Store\.npm-cache\_logs\2026-08-31T01_23_21_283Z-
10 verbose logfile F:\Repositorios 2-2026\Capricho-Store\.npm-cache\_logs\2026-08-31T01_23_21_283Z-debug-0.log
11 silly logfile done cleaning log files
12 silly packumentCache heap:4345298944 maxSize:1086324736 maxEntrySize:543162368
13 silly idealTree buildDeps
14 silly fetch manifest @fontsource/alef@*
15 silly packumentCache full:https://registry.npmjs.org/@fontsource%2falef cache-miss
16 http fetch GET 200 https://registry.npmjs.org/@fontsource%2falef 939ms (cache miss)
17 silly packumentCache full:https://registry.npmjs.org/@fontsource%2falef set size:undefined disposed:false
18 silly placeDep ROOT @fontsource/alef@5.3.0 OK for: frontend-web@0.0.0 want: *
19 silly reify moves {}
20 silly audit bulk request {
20 silly audit   '@acemir/cssom': [ '0.9.31' ],
20 silly audit   '@algolia/abtesting': [ '1.14.1' ],
20 silly audit   '@algolia/client-abtesting': [ '5.48.1' ],
20 silly audit   '@algolia/client-analytics': [ '5.48.1' ],
20 silly audit   '@algolia/client-common': [ '5.48.1' ],
20 silly audit   '@algolia/client-insights': [ '5.48.1' ],
20 silly audit   '@algolia/client-personalization': [ '5.48.1' ],
20 silly audit   '@algolia/client-query-suggestions': [ '5.48.1' ],
20 silly audit   '@algolia/client-search': [ '5.48.1' ],
20 silly audit   '@algolia/ingestion': [ '1.48.1' ],
20 silly audit   '@algolia/monitoring': [ '1.48.1' ],
20 silly audit   '@algolia/recommend': [ '5.48.1' ],
20 silly audit   '@algolia/requester-browser-xhr': [ '5.48.1' ],
20 silly audit   '@algolia/requester-fetch': [ '5.48.1' ],
20 silly audit   '@algolia/requester-node-http': [ '5.48.1' ],
20 silly audit   '@ampproject/remapping': [ '2.3.0' ],
20 silly audit   '@angular-devkit/architect': [ '0.2102.22' ],
20 silly audit   '@angular-devkit/core': [ '21.2.22' ],
20 silly audit   '@angular-devkit/schematics': [ '21.2.22' ],
20 silly audit   '@angular/build': [ '21.2.22' ],
20 silly audit   '@angular/cli': [ '21.2.22' ],
20 silly audit   '@angular/common': [ '21.2.22' ],
20 silly audit   '@angular/compiler': [ '21.2.22' ],
20 silly audit   '@angular/compiler-cli': [ '21.2.22' ],
20 silly audit   '@angular/core': [ '21.2.22' ],
20 silly audit   '@angular/forms': [ '21.2.22' ],
20 silly audit   '@angular/platform-browser': [ '21.2.22' ],
20 silly audit   '@angular/router': [ '21.2.22' ],
20 silly audit   '@asamuzakjp/css-color': [ '5.1.11' ],
20 silly audit   '@asamuzakjp/dom-selector': [ '6.8.1' ],
20 silly audit   'lru-cache': [ '11.5.2', '5.1.1' ],
20 silly audit   '@asamuzakjp/generational-cache': [ '1.0.1' ],
20 silly audit   '@asamuzakjp/nwsapi': [ '2.3.9' ],
20 silly audit   '@babel/code-frame': [ '7.29.7' ],
20 silly audit   '@babel/compat-data': [ '7.29.7' ],
20 silly audit   '@babel/core': [ '7.29.7' ],
20 silly audit   'convert-source-map': [ '2.0.0', '1.9.0' ],
20 silly audit   semver: [ '6.3.1', '7.7.4' ],
20 silly audit   '@babel/generator': [ '7.29.8' ],
20 silly audit   '@babel/helper-annotate-as-pure': [ '7.27.3' ],
20 silly audit   '@babel/helper-compilation-targets': [ '7.29.7' ],
20 silly audit   '@babel/helper-globals': [ '7.29.7' ],
20 silly audit   '@babel/helper-module-imports': [ '7.29.7' ],
20 silly audit   '@babel/helper-module-transforms': [ '7.29.7' ],
20 silly audit   '@babel/helper-split-export-declaration': [ '7.24.7' ],
20 silly audit   '@babel/helper-string-parser': [ '7.29.7' ],
20 silly audit   '@babel/helper-validator-identifier': [ '7.29.7' ],
20 silly audit   '@babel/helper-validator-option': [ '7.29.7' ],
20 silly audit   '@babel/helpers': [ '7.29.7' ],
20 silly audit   '@babel/parser': [ '7.29.8' ],
20 silly audit   '@babel/template': [ '7.29.7' ],
20 silly audit   '@babel/traverse': [ '7.29.8' ],
20 silly audit   '@babel/types': [ '7.29.8' ],
20 silly audit   '@bramus/specificity': [ '2.4.2' ],
20 silly audit   '@csstools/color-helpers': [ '6.1.1' ],
20 silly audit   '@csstools/css-calc': [ '3.3.0' ],
20 silly audit   '@csstools/css-color-parser': [ '4.2.2' ],
20 silly audit   '@csstools/css-parser-algorithms': [ '4.0.0' ],
20 silly audit   '@csstools/css-syntax-patches-for-csstree': [ '1.1.10' ],
20 silly audit   '@csstools/css-tokenizer': [ '4.0.0' ],
20 silly audit   '@emnapi/core': [ '1.11.3' ],
20 silly audit   '@emnapi/runtime': [ '1.11.3' ],
20 silly audit   '@emnapi/wasi-threads': [ '1.2.3' ],
20 silly audit   '@esbuild/aix-ppc64': [ '0.28.1' ],
20 silly audit   '@esbuild/android-arm': [ '0.28.1' ],
20 silly audit   '@esbuild/android-arm64': [ '0.28.1' ],
20 silly audit   '@esbuild/android-x64': [ '0.28.1' ],
20 silly audit   '@esbuild/darwin-arm64': [ '0.28.1' ],
20 silly audit   '@esbuild/darwin-x64': [ '0.28.1' ],
20 silly audit   '@esbuild/freebsd-arm64': [ '0.28.1' ],
20 silly audit   '@esbuild/freebsd-x64': [ '0.28.1' ],
20 silly audit   '@esbuild/linux-arm': [ '0.28.1' ],
20 silly audit   '@esbuild/linux-arm64': [ '0.28.1' ],
20 silly audit   '@esbuild/linux-ia32': [ '0.28.1' ],
20 silly audit   '@esbuild/linux-loong64': [ '0.28.1' ],
20 silly audit   '@esbuild/linux-mips64el': [ '0.28.1' ],
20 silly audit   '@esbuild/linux-ppc64': [ '0.28.1' ],
20 silly audit   '@esbuild/linux-riscv64': [ '0.28.1' ],
20 silly audit   '@esbuild/linux-s390x': [ '0.28.1' ],
20 silly audit   '@esbuild/linux-x64': [ '0.28.1' ],
20 silly audit   '@esbuild/netbsd-arm64': [ '0.28.1' ],
20 silly audit   '@esbuild/netbsd-x64': [ '0.28.1' ],
20 silly audit   '@esbuild/openbsd-arm64': [ '0.28.1' ],
20 silly audit   '@esbuild/openbsd-x64': [ '0.28.1' ],
20 silly audit   '@esbuild/openharmony-arm64': [ '0.28.1' ],
20 silly audit   '@esbuild/sunos-x64': [ '0.28.1' ],
20 silly audit   '@esbuild/win32-arm64': [ '0.28.1' ],
20 silly audit   '@esbuild/win32-ia32': [ '0.28.1' ],
20 silly audit   '@esbuild/win32-x64': [ '0.28.1' ],
20 silly audit   '@exodus/bytes': [ '1.15.1' ],
20 silly audit   '@gar/promise-retry': [ '1.0.3' ],
20 silly audit   '@harperfast/extended-iterable': [ '1.0.3' ],
20 silly audit   '@hono/node-server': [ '2.1.1' ],
20 silly audit   '@inquirer/ansi': [ '1.0.2' ],
20 silly audit   '@inquirer/checkbox': [ '4.3.2' ],
20 silly audit   '@inquirer/confirm': [ '5.1.21' ],
20 silly audit   '@inquirer/core': [ '10.3.2' ],
20 silly audit   '@inquirer/editor': [ '4.2.23' ],
20 silly audit   '@inquirer/expand': [ '4.0.23' ],
20 silly audit   '@inquirer/external-editor': [ '1.0.3' ],
20 silly audit   '@inquirer/figures': [ '1.0.15' ],
20 silly audit   '@inquirer/input': [ '4.3.1' ],
20 silly audit   '@inquirer/number': [ '3.0.23' ],
20 silly audit   '@inquirer/password': [ '4.0.23' ],
20 silly audit   '@inquirer/prompts': [ '7.10.1' ],
20 silly audit   '@inquirer/rawlist': [ '4.1.11' ],
20 silly audit   '@inquirer/search': [ '3.2.2' ],
20 silly audit   '@inquirer/select': [ '4.4.2' ],
20 silly audit   '@inquirer/type': [ '3.0.10' ],
20 silly audit   '@isaacs/fs-minipass': [ '4.0.1' ],
20 silly audit   '@istanbuljs/schema': [ '0.1.6' ],
20 silly audit   '@jridgewell/gen-mapping': [ '0.3.13' ],
20 silly audit   '@jridgewell/remapping': [ '2.3.5' ],
20 silly audit   '@jridgewell/resolve-uri': [ '3.1.2' ],
20 silly audit   '@jridgewell/sourcemap-codec': [ '1.6.0' ],
20 silly audit   '@jridgewell/trace-mapping': [ '0.3.31' ],
20 silly audit   '@listr2/prompt-adapter-inquirer': [ '3.0.5' ],
20 silly audit   '@lmdb/lmdb-darwin-arm64': [ '3.5.1' ],
20 silly audit   '@lmdb/lmdb-darwin-x64': [ '3.5.1' ],
20 silly audit   '@lmdb/lmdb-linux-arm': [ '3.5.1' ],
20 silly audit   '@lmdb/lmdb-linux-arm64': [ '3.5.1' ],
20 silly audit   '@lmdb/lmdb-linux-x64': [ '3.5.1' ],
20 silly audit   '@lmdb/lmdb-win32-arm64': [ '3.5.1' ],
20 silly audit   '@lmdb/lmdb-win32-x64': [ '3.5.1' ],
20 silly audit   '@modelcontextprotocol/sdk': [ '1.30.0' ],
20 silly audit   '@msgpackr-extract/msgpackr-extract-darwin-arm64': [ '3.0.4' ],
20 silly audit   '@msgpackr-extract/msgpackr-extract-darwin-x64': [ '3.0.4' ],
20 silly audit   '@msgpackr-extract/msgpackr-extract-linux-arm': [ '3.0.4' ],
20 silly audit   '@msgpackr-extract/msgpackr-extract-linux-arm64': [ '3.0.4' ],
20 silly audit   '@msgpackr-extract/msgpackr-extract-linux-x64': [ '3.0.4' ],
20 silly audit   '@msgpackr-extract/msgpackr-extract-win32-x64': [ '3.0.4' ],
20 silly audit   '@napi-rs/lzma-linux-x64-gnu': [ '1.5.1' ],
20 silly audit   '@napi-rs/nice': [ '1.1.1' ],
20 silly audit   '@napi-rs/nice-android-arm-eabi': [ '1.1.1' ],
20 silly audit   '@napi-rs/nice-android-arm64': [ '1.1.1' ],
20 silly audit   '@napi-rs/nice-darwin-arm64': [ '1.1.1' ],
20 silly audit   '@napi-rs/nice-darwin-x64': [ '1.1.1' ],
20 silly audit   '@napi-rs/nice-freebsd-x64': [ '1.1.1' ],
20 silly audit   '@napi-rs/nice-linux-arm-gnueabihf': [ '1.1.1' ],
20 silly audit   '@napi-rs/nice-linux-arm64-gnu': [ '1.1.1' ],
20 silly audit   '@napi-rs/nice-linux-arm64-musl': [ '1.1.1' ],
20 silly audit   '@napi-rs/nice-linux-ppc64-gnu': [ '1.1.1' ],
20 silly audit   '@napi-rs/nice-linux-riscv64-gnu': [ '1.1.1' ],
20 silly audit   '@napi-rs/nice-linux-s390x-gnu': [ '1.1.1' ],
20 silly audit   '@napi-rs/nice-linux-x64-gnu': [ '1.1.1' ],
20 silly audit   '@napi-rs/nice-linux-x64-musl': [ '1.1.1' ],
20 silly audit   '@napi-rs/nice-openharmony-arm64': [ '1.1.1' ],
20 silly audit   '@napi-rs/nice-win32-arm64-msvc': [ '1.1.1' ],
20 silly audit   '@napi-rs/nice-win32-ia32-msvc': [ '1.1.1' ],
20 silly audit   '@napi-rs/nice-win32-x64-msvc': [ '1.1.1' ],
20 silly audit   '@napi-rs/wasm-runtime': [ '1.2.3' ],
20 silly audit   '@npmcli/agent': [ '4.0.2' ],
20 silly audit   '@npmcli/fs': [ '5.0.0' ],
20 silly audit   '@npmcli/git': [ '7.0.2' ],
20 silly audit   isexe: [ '4.0.0', '2.0.0' ],
20 silly audit   which: [ '6.0.1', '2.0.2' ],
20 silly audit   '@npmcli/installed-package-contents': [ '4.0.0' ],
20 silly audit   '@npmcli/node-gyp': [ '5.0.0' ],
20 silly audit   '@npmcli/package-json': [ '7.0.5' ],
20 silly audit   '@npmcli/promise-spawn': [ '9.0.1' ],
20 silly audit   '@npmcli/redact': [ '4.0.0' ],
20 silly audit   '@npmcli/run-script': [ '10.0.4' ],
20 silly audit   '@oxc-project/types': [ '0.113.0' ],
20 silly audit   '@parcel/watcher': [ '2.6.0' ],
20 silly audit   '@parcel/watcher-android-arm64': [ '2.6.0' ],
20 silly audit   '@parcel/watcher-darwin-arm64': [ '2.6.0' ],
20 silly audit   '@parcel/watcher-darwin-x64': [ '2.6.0' ],
20 silly audit   '@parcel/watcher-freebsd-x64': [ '2.6.0' ],
20 silly audit   '@parcel/watcher-linux-arm-glibc': [ '2.6.0' ],
20 silly audit   '@parcel/watcher-linux-arm-musl': [ '2.6.0' ],
20 silly audit   '@parcel/watcher-linux-arm64-glibc': [ '2.6.0' ],
20 silly audit   '@parcel/watcher-linux-arm64-musl': [ '2.6.0' ],
20 silly audit   '@parcel/watcher-linux-x64-glibc': [ '2.6.0' ],
20 silly audit   '@parcel/watcher-linux-x64-musl': [ '2.6.0' ],
20 silly audit   '@parcel/watcher-win32-arm64': [ '2.6.0' ],
20 silly audit   '@parcel/watcher-win32-x64': [ '2.6.0' ],
20 silly audit   'node-addon-api': [ '7.1.1', '6.1.0' ],
20 silly audit   '@rolldown/binding-android-arm64': [ '1.0.0-rc.4' ],
20 silly audit   '@rolldown/binding-darwin-arm64': [ '1.0.0-rc.4' ],
20 silly audit   '@rolldown/binding-darwin-x64': [ '1.0.0-rc.4' ],
20 silly audit   '@rolldown/binding-freebsd-x64': [ '1.0.0-rc.4' ],
20 silly audit   '@rolldown/binding-linux-arm-gnueabihf': [ '1.0.0-rc.4' ],
20 silly audit   '@rolldown/binding-linux-arm64-gnu': [ '1.0.0-rc.4' ],
20 silly audit   '@rolldown/binding-linux-arm64-musl': [ '1.0.0-rc.4' ],
20 silly audit   '@rolldown/binding-linux-x64-gnu': [ '1.0.0-rc.4' ],
20 silly audit   '@rolldown/binding-linux-x64-musl': [ '1.0.0-rc.4' ],
20 silly audit   '@rolldown/binding-openharmony-arm64': [ '1.0.0-rc.4' ],
20 silly audit   '@rolldown/binding-wasm32-wasi': [ '1.0.0-rc.4' ],
20 silly audit   '@rolldown/binding-win32-arm64-msvc': [ '1.0.0-rc.4' ],
20 silly audit   '@rolldown/binding-win32-x64-msvc': [ '1.0.0-rc.4' ],
20 silly audit   '@rolldown/pluginutils': [ '1.0.0-rc.4' ],
20 silly audit   '@rollup/rollup-android-arm-eabi': [ '4.63.1' ],
20 silly audit   '@rollup/rollup-android-arm64': [ '4.63.1' ],
20 silly audit   '@rollup/rollup-darwin-arm64': [ '4.63.1' ],
20 silly audit   '@rollup/rollup-darwin-x64': [ '4.63.1' ],
20 silly audit   '@rollup/rollup-freebsd-arm64': [ '4.63.1' ],
20 silly audit   '@rollup/rollup-freebsd-x64': [ '4.63.1' ],
20 silly audit   '@rollup/rollup-linux-arm-gnueabihf': [ '4.63.1' ],
20 silly audit   '@rollup/rollup-linux-arm-musleabihf': [ '4.63.1' ],
20 silly audit   '@rollup/rollup-linux-arm64-gnu': [ '4.63.1' ],
20 silly audit   '@rollup/rollup-linux-arm64-musl': [ '4.63.1' ],
20 silly audit   '@rollup/rollup-linux-loong64-gnu': [ '4.63.1' ],
20 silly audit   '@rollup/rollup-linux-loong64-musl': [ '4.63.1' ],
20 silly audit   '@rollup/rollup-linux-ppc64-gnu': [ '4.63.1' ],
20 silly audit   '@rollup/rollup-linux-ppc64-musl': [ '4.63.1' ],
20 silly audit   '@rollup/rollup-linux-riscv64-gnu': [ '4.63.1' ],
20 silly audit   '@rollup/rollup-linux-riscv64-musl': [ '4.63.1' ],
20 silly audit   '@rollup/rollup-linux-s390x-gnu': [ '4.63.1' ],
20 silly audit   '@rollup/rollup-linux-x64-gnu': [ '4.63.1' ],
20 silly audit   '@rollup/rollup-linux-x64-musl': [ '4.63.1' ],
20 silly audit   '@rollup/rollup-openbsd-x64': [ '4.63.1' ],
20 silly audit   '@rollup/rollup-openharmony-arm64': [ '4.63.1' ],
20 silly audit   '@rollup/rollup-win32-arm64-msvc': [ '4.63.1' ],
20 silly audit   '@rollup/rollup-win32-ia32-msvc': [ '4.63.1' ],
20 silly audit   '@rollup/rollup-win32-x64-gnu': [ '4.63.1' ],
20 silly audit   '@rollup/rollup-win32-x64-msvc': [ '4.63.1' ],
20 silly audit   '@schematics/angular': [ '21.2.22' ],
20 silly audit   '@sigstore/bundle': [ '4.0.0' ],
20 silly audit   '@sigstore/core': [ '3.2.1' ],
20 silly audit   '@sigstore/protobuf-specs': [ '0.5.2' ],
20 silly audit   '@sigstore/sign': [ '4.1.1' ],
20 silly audit   '@sigstore/tuf': [ '4.0.2' ],
20 silly audit   '@sigstore/verify': [ '3.1.1' ],
20 silly audit   '@standard-schema/spec': [ '1.1.0' ],
20 silly audit   '@tufjs/canonical-json': [ '2.0.0' ],
20 silly audit   '@tufjs/models': [ '4.1.0' ],
20 silly audit   '@tybys/wasm-util': [ '0.10.3' ],
20 silly audit   '@types/chai': [ '5.2.3' ],
20 silly audit   '@types/deep-eql': [ '4.0.2' ],
20 silly audit   '@types/estree': [ '1.0.9' ],
20 silly audit   '@vitejs/plugin-basic-ssl': [ '2.1.4' ],
20 silly audit   '@vitest/expect': [ '4.1.11' ],
20 silly audit   '@vitest/mocker': [ '4.1.11' ],
20 silly audit   '@vitest/pretty-format': [ '4.1.11' ],
20 silly audit   '@vitest/runner': [ '4.1.11' ],
20 silly audit   '@vitest/snapshot': [ '4.1.11' ],
20 silly audit   '@vitest/spy': [ '4.1.11' ],
20 silly audit   '@vitest/utils': [ '4.1.11' ],
20 silly audit   '@yarnpkg/lockfile': [ '1.1.0' ],
20 silly audit   abbrev: [ '4.0.0' ],
20 silly audit   accepts: [ '2.0.0' ],
20 silly audit   'agent-base': [ '7.1.4' ],
20 silly audit   ajv: [ '8.18.0' ],
20 silly audit   'ajv-formats': [ '3.0.1' ],
20 silly audit   algoliasearch: [ '5.48.1' ],
20 silly audit   'ansi-escapes': [ '7.3.0' ],
20 silly audit   'ansi-regex': [ '6.3.0', '5.0.1' ],
20 silly audit   'ansi-styles': [ '6.2.3', '4.3.0' ],
20 silly audit   'assertion-error': [ '2.0.1' ],
20 silly audit   'balanced-match': [ '4.0.4' ],
20 silly audit   'baseline-browser-mapping': [ '2.11.20' ],
20 silly audit   beasties: [ '0.4.1' ],
20 silly audit   'bidi-js': [ '1.0.3' ],
20 silly audit   'body-parser': [ '2.3.0' ],
20 silly audit   'content-type': [ '2.1.0', '1.0.5' ],
20 silly audit   boolbase: [ '1.0.0' ],
20 silly audit   'brace-expansion': [ '5.0.9' ],
20 silly audit   browserslist: [ '4.28.8' ],
20 silly audit   'buffer-from': [ '1.1.2' ],
20 silly audit   bytes: [ '3.1.2' ],
20 silly audit   cacache: [ '20.0.4' ],
20 silly audit   'call-bind-apply-helpers': [ '1.0.2' ],
20 silly audit   'call-bound': [ '1.0.4' ],
20 silly audit   'caniuse-lite': [ '1.0.30001810' ],
20 silly audit   chai: [ '6.2.2' ],
20 silly audit   chalk: [ '5.6.2' ],
20 silly audit   chardet: [ '2.2.0' ],
20 silly audit   chokidar: [ '5.0.0', '4.0.3' ],
20 silly audit   chownr: [ '3.0.0' ],
20 silly audit   'cli-cursor': [ '5.0.0' ],
20 silly audit   'cli-spinners': [ '3.4.0' ],
20 silly audit   'cli-truncate': [ '5.2.0' ],
20 silly audit   'cli-width': [ '4.1.0' ],
20 silly audit   cliui: [ '9.0.1' ],
20 silly audit   'string-width': [ '7.2.0', '8.2.2', '4.2.3' ],
20 silly audit   'wrap-ansi': [ '9.0.2', '6.2.0' ],
20 silly audit   'color-convert': [ '2.0.1' ],
20 silly audit   'color-name': [ '1.1.4' ],
20 silly audit   colorette: [ '2.0.20' ],
20 silly audit   'content-disposition': [ '1.1.0' ],
20 silly audit   cookie: [ '0.7.2' ],
20 silly audit   'cookie-signature': [ '1.2.2' ],
20 silly audit   cors: [ '2.8.6' ],
20 silly audit   'cross-spawn': [ '7.0.6' ],
20 silly audit   'css-select': [ '6.0.0' ],
20 silly audit   'css-tree': [ '3.2.1' ],
20 silly audit   'css-what': [ '7.0.0' ],
20 silly audit   cssstyle: [ '6.2.0' ],
20 silly audit   'data-urls': [ '7.0.0' ],
20 silly audit   debug: [ '4.4.3' ],
20 silly audit   'decimal.js': [ '10.6.0' ],
20 silly audit   depd: [ '2.0.0' ],
20 silly audit   'detect-libc': [ '2.1.2' ],
20 silly audit   'dom-serializer': [ '2.0.0' ],
20 silly audit   domelementtype: [ '2.3.0' ],
20 silly audit   domhandler: [ '5.0.3' ],
20 silly audit   domutils: [ '3.2.2' ],
20 silly audit   'dunder-proto': [ '1.0.1' ],
20 silly audit   'ee-first': [ '1.1.1' ],
20 silly audit   'electron-to-chromium': [ '1.5.416' ],
20 silly audit   'emoji-regex': [ '10.6.0', '8.0.0' ],
20 silly audit   encodeurl: [ '2.0.0' ],
20 silly audit   entities: [ '4.5.0', '7.0.1', '6.0.1', '8.0.0' ],
20 silly audit   'env-paths': [ '2.2.1' ],
20 silly audit   environment: [ '1.1.0' ],
20 silly audit   'es-define-property': [ '1.0.1' ],
20 silly audit   'es-errors': [ '1.3.0' ],
20 silly audit   'es-module-lexer': [ '2.3.2' ],
20 silly audit   'es-object-atoms': [ '1.1.2' ],
20 silly audit   esbuild: [ '0.28.1' ],
20 silly audit   escalade: [ '3.2.0' ],
20 silly audit   'escape-html': [ '1.0.3' ],
20 silly audit   'estree-walker': [ '3.0.3' ],
20 silly audit   etag: [ '1.8.1' ],
20 silly audit   eventemitter3: [ '5.0.4' ],
20 silly audit   eventsource: [ '3.0.7' ],
20 silly audit   'eventsource-parser': [ '3.1.1' ],
20 silly audit   'expect-type': [ '1.4.0' ],
20 silly audit   'exponential-backoff': [ '3.1.3' ],
20 silly audit   express: [ '5.2.1' ],
20 silly audit   'express-rate-limit': [ '8.7.0' ],
20 silly audit   'fast-deep-equal': [ '3.1.3' ],
20 silly audit   'fast-uri': [ '3.1.6' ],
20 silly audit   fdir: [ '6.5.0' ],
20 silly audit   finalhandler: [ '2.1.1' ],
20 silly audit   forwarded: [ '0.2.0' ],
20 silly audit   fresh: [ '2.0.0' ],
20 silly audit   'fs-minipass': [ '3.0.3' ],
20 silly audit   fsevents: [ '2.3.3' ],
20 silly audit   'function-bind': [ '1.1.2' ],
20 silly audit   gensync: [ '1.0.0-beta.2' ],
20 silly audit   'get-caller-file': [ '2.0.5' ],
20 silly audit   'get-east-asian-width': [ '1.6.0' ],
20 silly audit   'get-intrinsic': [ '1.3.0' ],
20 silly audit   'get-proto': [ '1.0.1' ],
20 silly audit   glob: [ '13.0.6' ],
20 silly audit   'glob-to-regexp': [ '0.4.1' ],
20 silly audit   gopd: [ '1.2.0' ],
20 silly audit   'graceful-fs': [ '4.2.11' ],
20 silly audit   'has-symbols': [ '1.1.0' ],
20 silly audit   hasown: [ '2.0.4' ],
20 silly audit   hono: [ '4.13.5' ],
20 silly audit   'hosted-git-info': [ '9.0.3' ],
20 silly audit   'html-encoding-sniffer': [ '6.0.0' ],
20 silly audit   htmlparser2: [ '10.1.0' ],
20 silly audit   'http-cache-semantics': [ '4.2.0' ],
20 silly audit   'http-errors': [ '2.0.1' ],
20 silly audit   'http-proxy-agent': [ '7.0.2' ],
20 silly audit   'https-proxy-agent': [ '7.0.6' ],
20 silly audit   'iconv-lite': [ '0.7.3' ],
20 silly audit   'ignore-walk': [ '8.0.0' ],
20 silly audit   immutable: [ '5.1.9' ],
20 silly audit   inherits: [ '2.0.4' ],
20 silly audit   ini: [ '6.0.0' ],
20 silly audit   'ip-address': [ '10.7.0' ],
20 silly audit   'ipaddr.js': [ '1.9.1' ],
20 silly audit   'is-extglob': [ '2.1.1' ],
20 silly audit   'is-fullwidth-code-point': [ '5.1.0', '3.0.0' ],
20 silly audit   'is-glob': [ '4.0.3' ],
20 silly audit   'is-interactive': [ '2.0.0' ],
20 silly audit   'is-potential-custom-element-name': [ '1.0.1' ],
20 silly audit   'is-promise': [ '4.0.0' ],
20 silly audit   'is-unicode-supported': [ '2.1.0' ],
20 silly audit   'istanbul-lib-coverage': [ '3.2.2' ],
20 silly audit   'istanbul-lib-instrument': [ '6.0.3' ],
20 silly audit   jose: [ '6.2.10' ],
20 silly audit   'js-tokens': [ '4.0.0' ],
20 silly audit   jsdom: [ '28.1.0' ],
20 silly audit   jsesc: [ '3.1.0' ],
20 silly audit   'json-parse-even-better-errors': [ '5.0.0' ],
20 silly audit   'json-schema-traverse': [ '1.0.0' ],
20 silly audit   'json-schema-typed': [ '8.0.2' ],
20 silly audit   json5: [ '2.2.3' ],
20 silly audit   'jsonc-parser': [ '3.3.1' ],
20 silly audit   jsonparse: [ '1.3.1' ],
20 silly audit   listr2: [ '9.0.5' ],
20 silly audit   lmdb: [ '3.5.1' ],
20 silly audit   'log-symbols': [ '7.0.1' ],
20 silly audit   'log-update': [ '6.1.0' ],
20 silly audit   'slice-ansi': [ '7.1.2', '8.0.0' ],
20 silly audit   'magic-string': [ '0.30.21' ],
20 silly audit   'make-fetch-happen': [ '15.0.6' ],
20 silly audit   'math-intrinsics': [ '1.1.0' ],
20 silly audit   'mdn-data': [ '2.27.1' ],
20 silly audit   'media-typer': [ '1.1.1' ],
20 silly audit   'merge-descriptors': [ '2.0.0' ],
20 silly audit   'mime-db': [ '1.54.0' ],
20 silly audit   'mime-types': [ '3.0.2' ],
20 silly audit   'mimic-function': [ '5.0.1' ],
20 silly audit   minimatch: [ '10.2.6' ],
20 silly audit   minipass: [ '7.1.3', '3.3.6' ],
20 silly audit   'minipass-collect': [ '2.0.1' ],
20 silly audit   'minipass-fetch': [ '5.0.2' ],
20 silly audit   'minipass-flush': [ '1.0.7' ],
20 silly audit   yallist: [ '4.0.0', '5.0.0', '3.1.1' ],
20 silly audit   'minipass-pipeline': [ '1.2.4' ],
20 silly audit   'minipass-sized': [ '2.0.0' ],
20 silly audit   minizlib: [ '3.1.0' ],
20 silly audit   mrmime: [ '2.0.1' ],
20 silly audit   ms: [ '2.1.3' ],
20 silly audit   msgpackr: [ '1.12.1' ],
20 silly audit   'msgpackr-extract': [ '3.0.4' ],
20 silly audit   'mute-stream': [ '2.0.0' ],
20 silly audit   nanoid: [ '3.3.18' ],
20 silly audit   negotiator: [ '1.1.0' ],
20 silly audit   'node-gyp': [ '12.4.0' ],
20 silly audit   'node-gyp-build-optional-packages': [ '5.2.2' ],
20 silly audit   undici: [ '6.28.0', '7.29.0' ],
20 silly audit   'node-releases': [ '2.0.54' ],
20 silly audit   nopt: [ '9.0.0' ],
20 silly audit   'npm-bundled': [ '5.0.0' ],
20 silly audit   'npm-install-checks': [ '8.0.0' ],
20 silly audit   'npm-normalize-package-bin': [ '5.0.0' ],
20 silly audit   'npm-package-arg': [ '13.0.2' ],
20 silly audit   'npm-packlist': [ '10.0.4' ],
20 silly audit   'npm-pick-manifest': [ '11.0.3' ],
20 silly audit   'npm-registry-fetch': [ '19.1.1' ],
20 silly audit   'nth-check': [ '2.1.1' ],
20 silly audit   'object-assign': [ '4.1.1' ],
20 silly audit   'object-inspect': [ '1.13.4' ],
20 silly audit   obug: [ '2.1.4' ],
20 silly audit   'on-finished': [ '2.4.1' ],
20 silly audit   once: [ '1.4.0' ],
20 silly audit   onetime: [ '7.0.0' ],
20 silly audit   ora: [ '9.3.0' ],
20 silly audit   'ordered-binary': [ '1.6.1' ],
20 silly audit   'p-map': [ '7.0.7' ],
20 silly audit   pacote: [ '21.5.1' ],
20 silly audit   parse5: [ '8.0.1' ],
20 silly audit   'parse5-html-rewriting-stream': [ '8.0.0' ],
20 silly audit   'parse5-sax-parser': [ '8.0.0' ],
20 silly audit   parseurl: [ '1.3.3' ],
20 silly audit   'path-key': [ '3.1.1' ],
20 silly audit   'path-scurry': [ '2.0.2' ],
20 silly audit   'path-to-regexp': [ '8.4.2' ],
20 silly audit   pathe: [ '2.0.3' ],
20 silly audit   picocolors: [ '1.1.1' ],
20 silly audit   picomatch: [ '4.0.4' ],
20 silly audit   piscina: [ '5.2.0' ],
20 silly audit   'pkce-challenge': [ '5.0.1' ],
20 silly audit   postcss: [ '8.5.26' ],
20 silly audit   'postcss-media-query-parser': [ '0.2.3' ],
20 silly audit   'postcss-safe-parser': [ '7.0.1' ],
20 silly audit   prettier: [ '3.9.6' ],
20 silly audit   'proc-log': [ '6.1.0' ],
20 silly audit   'proxy-addr': [ '2.0.7' ],
20 silly audit   punycode: [ '2.3.1' ],
20 silly audit   qs: [ '6.16.0' ],
20 silly audit   'range-parser': [ '1.3.0' ],
20 silly audit   'raw-body': [ '3.0.2' ],
20 silly audit   readdirp: [ '5.1.1', '4.1.2' ],
20 silly audit   'reflect-metadata': [ '0.2.2' ],
20 silly audit   'require-from-string': [ '2.0.2' ],
20 silly audit   'restore-cursor': [ '5.1.0' ],
20 silly audit   rfdc: [ '1.4.1' ],
20 silly audit   rolldown: [ '1.0.0-rc.4' ],
20 silly audit   rollup: [ '4.63.1' ],
20 silly audit   router: [ '2.2.0' ],
20 silly audit   rxjs: [ '7.8.2' ],
20 silly audit   'safer-buffer': [ '2.1.2' ],
20 silly audit   sass: [ '1.97.3' ],
20 silly audit   saxes: [ '6.0.0' ],
20 silly audit   send: [ '1.2.1' ],
20 silly audit   'serve-static': [ '2.2.1' ],
20 silly audit   setprototypeof: [ '1.2.0' ],
20 silly audit   'shebang-command': [ '2.0.0' ],
20 silly audit   'shebang-regex': [ '3.0.0' ],
20 silly audit   'side-channel': [ '1.1.1' ],
20 silly audit   'side-channel-list': [ '1.0.1' ],
20 silly audit   'side-channel-map': [ '1.0.1' ],
20 silly audit   'side-channel-weakmap': [ '1.0.2' ],
20 silly audit   siginfo: [ '2.0.0' ],
20 silly audit   'signal-exit': [ '4.1.0' ],
20 silly audit   sigstore: [ '4.1.1' ],
20 silly audit   'smart-buffer': [ '4.2.0' ],
20 silly audit   socks: [ '2.8.9' ],
20 silly audit   'socks-proxy-agent': [ '8.0.5' ],
20 silly audit   'source-map': [ '0.7.6', '0.6.1' ],
20 silly audit   'source-map-js': [ '1.2.1' ],
20 silly audit   'source-map-support': [ '0.5.21' ],
20 silly audit   'spdx-exceptions': [ '2.5.0' ],
20 silly audit   'spdx-expression-parse': [ '4.0.0' ],
20 silly audit   'spdx-license-ids': [ '3.0.23' ],
20 silly audit   ssri: [ '13.0.1' ],
20 silly audit   stackback: [ '0.0.2' ],
20 silly audit   statuses: [ '2.0.2' ],
20 silly audit   'std-env': [ '4.2.0' ],
20 silly audit   'stdin-discarder': [ '0.3.2' ],
20 silly audit   'strip-ansi': [ '7.2.0', '6.0.1' ],
20 silly audit   'symbol-tree': [ '3.2.4' ],
20 silly audit   tar: [ '7.5.22' ],
20 silly audit   tinybench: [ '2.9.0' ],
20 silly audit   tinyexec: [ '1.3.0' ],
20 silly audit   tinyglobby: [ '0.2.15' ],
20 silly audit   tinyrainbow: [ '3.1.1' ],
20 silly audit   tldts: [ '7.4.11' ],
20 silly audit   'tldts-core': [ '7.4.11' ],
20 silly audit   toidentifier: [ '1.0.1' ],
20 silly audit   'tough-cookie': [ '6.0.2' ],
20 silly audit   tr46: [ '6.0.0' ],
20 silly audit   tslib: [ '2.8.1' ],
20 silly audit   'tuf-js': [ '4.1.0' ],
20 silly audit   'type-is': [ '2.1.0' ],
20 silly audit   typescript: [ '5.9.3' ],
20 silly audit   unpipe: [ '1.0.0' ],
20 silly audit   'update-browserslist-db': [ '1.3.2' ],
20 silly audit   'validate-npm-package-name': [ '7.0.2' ],
20 silly audit   vary: [ '1.1.2' ],
20 silly audit   vite: [ '7.3.6' ],
20 silly audit   vitest: [ '4.1.11' ],
20 silly audit   'w3c-xmlserializer': [ '5.0.0' ],
20 silly audit   watchpack: [ '2.5.1' ],
20 silly audit   'weak-lru-cache': [ '1.2.2' ],
20 silly audit   'webidl-conversions': [ '8.0.1' ],
20 silly audit   'whatwg-mimetype': [ '5.0.0' ],
20 silly audit   'whatwg-url': [ '16.0.1' ],
20 silly audit   'why-is-node-running': [ '2.3.0' ],
20 silly audit   wrappy: [ '1.0.2' ],
20 silly audit   'xml-name-validator': [ '5.0.0' ],
20 silly audit   xmlchars: [ '2.2.0' ],
20 silly audit   y18n: [ '5.0.8' ],
20 silly audit   yargs: [ '18.0.0' ],
20 silly audit   'yargs-parser': [ '22.0.0' ],
20 silly audit   yoctocolors: [ '2.2.0' ],
20 silly audit   'yoctocolors-cjs': [ '2.1.3' ],
20 silly audit   zod: [ '4.3.6' ],
20 silly audit   'zod-to-json-schema': [ '3.25.2' ],
20 silly audit   '@fontsource/alef': [ '5.3.0' ]
20 silly audit }
21 verbose reify failed optional dependency F:\Repositorios 2-2026\Capricho-Store\frontend-web\node_modules\fsevents
22 silly reify mark deleted [
22 silly reify   'F:\\Repositorios 2-2026\\Capricho-Store\\frontend-web\\node_modules\\fsevents'
22 silly reify ]
23 verbose reify failed optional dependency F:\Repositorios 2-2026\Capricho-Store\frontend-web\node_modules\@rollup\rollup-win32-ia32-msvc
24 silly reify mark deleted [
24 silly reify   'F:\\Repositorios 2-2026\\Capricho-Store\\frontend-web\\node_modules\\@rollup\\rollup-win32-ia32-msvc'
24 silly reify ]
25 verbose reify failed optional dependency F:\Repositorios 2-2026\Capricho-Store\frontend-web\node_modules\@rollup\rollup-win32-arm64-msvc
26 silly reify mark deleted [
26 silly reify   'F:\\Repositorios 2-2026\\Capricho-Store\\frontend-web\\node_modules\\@rollup\\rollup-win32-arm64-msvc'
26 silly reify ]
27 verbose reify failed optional dependency F:\Repositorios 2-2026\Capricho-Store\frontend-web\node_modules\@rollup\rollup-openharmony-arm64
28 silly reify mark deleted [
28 silly reify   'F:\\Repositorios 2-2026\\Capricho-Store\\frontend-web\\node_modules\\@rollup\\rollup-openharmony-arm64'
28 silly reify ]
29 verbose reify failed optional dependency F:\Repositorios 2-2026\Capricho-Store\frontend-web\node_modules\@rollup\rollup-openbsd-x64
30 silly reify mark deleted [
30 silly reify   'F:\\Repositorios 2-2026\\Capricho-Store\\frontend-web\\node_modules\\@rollup\\rollup-openbsd-x64'
30 silly reify ]
31 verbose reify failed optional dependency F:\Repositorios 2-2026\Capricho-Store\frontend-web\node_modules\@rollup\rollup-linux-x64-musl
32 silly reify mark deleted [
32 silly reify   'F:\\Repositorios 2-2026\\Capricho-Store\\frontend-web\\node_modules\\@rollup\\rollup-linux-x64-musl'
32 silly reify ]
33 verbose reify failed optional dependency F:\Repositorios 2-2026\Capricho-Store\frontend-web\node_modules\@rollup\rollup-linux-x64-gnu
34 silly reify mark deleted [
34 silly reify   'F:\\Repositorios 2-2026\\Capricho-Store\\frontend-web\\node_modules\\@rollup\\rollup-linux-x64-gnu'
34 silly reify ]
35 verbose reify failed optional dependency F:\Repositorios 2-2026\Capricho-Store\frontend-web\node_modules\@rollup\rollup-linux-s390x-gnu
36 silly reify mark deleted [
36 silly reify   'F:\\Repositorios 2-2026\\Capricho-Store\\frontend-web\\node_modules\\@rollup\\rollup-linux-s390x-gnu'
36 silly reify ]
37 verbose reify failed optional dependency F:\Repositorios 2-2026\Capricho-Store\frontend-web\node_modules\@rollup\rollup-linux-riscv64-musl
38 silly reify mark deleted [
38 silly reify   'F:\\Repositorios 2-2026\\Capricho-Store\\frontend-web\\node_modules\\@rollup\\rollup-linux-riscv64-musl'
38 silly reify ]
39 verbose reify failed optional dependency F:\Repositorios 2-2026\Capricho-Store\frontend-web\node_modules\@rollup\rollup-linux-riscv64-gnu
40 silly reify mark deleted [
40 silly reify   'F:\\Repositorios 2-2026\\Capricho-Store\\frontend-web\\node_modules\\@rollup\\rollup-linux-riscv64-gnu'
40 silly reify ]
41 verbose reify failed optional dependency F:\Repositorios 2-2026\Capricho-Store\frontend-web\node_modules\@rollup\rollup-linux-ppc64-musl
42 silly reify mark deleted [
42 silly reify   'F:\\Repositorios 2-2026\\Capricho-Store\\frontend-web\\node_modules\\@rollup\\rollup-linux-ppc64-musl'
42 silly reify ]
43 verbose reify failed optional dependency F:\Repositorios 2-2026\Capricho-Store\frontend-web\node_modules\@rollup\rollup-linux-ppc64-gnu
44 silly reify mark deleted [
44 silly reify   'F:\\Repositorios 2-2026\\Capricho-Store\\frontend-web\\node_modules\\@rollup\\rollup-linux-ppc64-gnu'
44 silly reify ]
45 verbose reify failed optional dependency F:\Repositorios 2-2026\Capricho-Store\frontend-web\node_modules\@rollup\rollup-linux-loong64-musl
46 silly reify mark deleted [
46 silly reify   'F:\\Repositorios 2-2026\\Capricho-Store\\frontend-web\\node_modules\\@rollup\\rollup-linux-loong64-musl'
46 silly reify ]
47 verbose reify failed optional dependency F:\Repositorios 2-2026\Capricho-Store\frontend-web\node_modules\@rollup\rollup-linux-loong64-gnu
48 silly reify mark deleted [
48 silly reify   'F:\\Repositorios 2-2026\\Capricho-Store\\frontend-web\\node_modules\\@rollup\\rollup-linux-loong64-gnu'
48 silly reify ]
49 verbose reify failed optional dependency F:\Repositorios 2-2026\Capricho-Store\frontend-web\node_modules\@rollup\rollup-linux-arm64-musl
50 silly reify mark deleted [
50 silly reify   'F:\\Repositorios 2-2026\\Capricho-Store\\frontend-web\\node_modules\\@rollup\\rollup-linux-arm64-musl'
50 silly reify ]
51 verbose reify failed optional dependency F:\Repositorios 2-2026\Capricho-Store\frontend-web\node_modules\@rollup\rollup-linux-arm64-gnu
52 silly reify mark deleted [
52 silly reify   'F:\\Repositorios 2-2026\\Capricho-Store\\frontend-web\\node_modules\\@rollup\\rollup-linux-arm64-gnu'
52 silly reify ]
53 verbose reify failed optional dependency F:\Repositorios 2-2026\Capricho-Store\frontend-web\node_modules\@rollup\rollup-linux-arm-musleabihf
54 silly reify mark deleted [
54 silly reify   'F:\\Repositorios 2-2026\\Capricho-Store\\frontend-web\\node_modules\\@rollup\\rollup-linux-arm-musleabihf'
54 silly reify ]
55 verbose reify failed optional dependency F:\Repositorios 2-2026\Capricho-Store\frontend-web\node_modules\@rollup\rollup-linux-arm-gnueabihf
56 silly reify mark deleted [
56 silly reify   'F:\\Repositorios 2-2026\\Capricho-Store\\frontend-web\\node_modules\\@rollup\\rollup-linux-arm-gnueabihf'
56 silly reify ]
57 verbose reify failed optional dependency F:\Repositorios 2-2026\Capricho-Store\frontend-web\node_modules\@rollup\rollup-freebsd-x64
58 silly reify mark deleted [
58 silly reify   'F:\\Repositorios 2-2026\\Capricho-Store\\frontend-web\\node_modules\\@rollup\\rollup-freebsd-x64'
58 silly reify ]
59 verbose reify failed optional dependency F:\Repositorios 2-2026\Capricho-Store\frontend-web\node_modules\@rollup\rollup-freebsd-arm64
60 silly reify mark deleted [
60 silly reify   'F:\\Repositorios 2-2026\\Capricho-Store\\frontend-web\\node_modules\\@rollup\\rollup-freebsd-arm64'
60 silly reify ]
61 verbose reify failed optional dependency F:\Repositorios 2-2026\Capricho-Store\frontend-web\node_modules\@rollup\rollup-darwin-x64
62 silly reify mark deleted [
62 silly reify   'F:\\Repositorios 2-2026\\Capricho-Store\\frontend-web\\node_modules\\@rollup\\rollup-darwin-x64'
62 silly reify ]
63 verbose reify failed optional dependency F:\Repositorios 2-2026\Capricho-Store\frontend-web\node_modules\@rollup\rollup-darwin-arm64
64 silly reify mark deleted [
64 silly reify   'F:\\Repositorios 2-2026\\Capricho-Store\\frontend-web\\node_modules\\@rollup\\rollup-darwin-arm64'
64 silly reify ]
65 verbose reify failed optional dependency F:\Repositorios 2-2026\Capricho-Store\frontend-web\node_modules\@rollup\rollup-android-arm64
66 silly reify mark deleted [
66 silly reify   'F:\\Repositorios 2-2026\\Capricho-Store\\frontend-web\\node_modules\\@rollup\\rollup-android-arm64'
66 silly reify ]
67 verbose reify failed optional dependency F:\Repositorios 2-2026\Capricho-Store\frontend-web\node_modules\@rollup\rollup-android-arm-eabi
68 silly reify mark deleted [
68 silly reify   'F:\\Repositorios 2-2026\\Capricho-Store\\frontend-web\\node_modules\\@rollup\\rollup-android-arm-eabi'
68 silly reify ]
69 verbose reify failed optional dependency F:\Repositorios 2-2026\Capricho-Store\frontend-web\node_modules\@rolldown\binding-win32-arm64-msvc
70 silly reify mark deleted [
70 silly reify   'F:\\Repositorios 2-2026\\Capricho-Store\\frontend-web\\node_modules\\@rolldown\\binding-win32-arm64-msvc'
70 silly reify ]
71 verbose reify failed optional dependency F:\Repositorios 2-2026\Capricho-Store\frontend-web\node_modules\@rolldown\binding-wasm32-wasi
72 silly reify mark deleted [
72 silly reify   'F:\\Repositorios 2-2026\\Capricho-Store\\frontend-web\\node_modules\\@rolldown\\binding-wasm32-wasi'
72 silly reify ]
73 verbose reify failed optional dependency F:\Repositorios 2-2026\Capricho-Store\frontend-web\node_modules\@napi-rs\wasm-runtime
74 silly reify mark deleted [
74 silly reify   'F:\\Repositorios 2-2026\\Capricho-Store\\frontend-web\\node_modules\\@napi-rs\\wasm-runtime'
74 silly reify ]
75 verbose reify failed optional dependency F:\Repositorios 2-2026\Capricho-Store\frontend-web\node_modules\@emnapi\core
76 silly reify mark deleted [
76 silly reify   'F:\\Repositorios 2-2026\\Capricho-Store\\frontend-web\\node_modules\\@emnapi\\core'
76 silly reify ]
77 verbose reify failed optional dependency F:\Repositorios 2-2026\Capricho-Store\frontend-web\node_modules\@emnapi\runtime
78 silly reify mark deleted [
78 silly reify   'F:\\Repositorios 2-2026\\Capricho-Store\\frontend-web\\node_modules\\@emnapi\\runtime'
78 silly reify ]
79 verbose reify failed optional dependency F:\Repositorios 2-2026\Capricho-Store\frontend-web\node_modules\@tybys\wasm-util
80 silly reify mark deleted [
80 silly reify   'F:\\Repositorios 2-2026\\Capricho-Store\\frontend-web\\node_modules\\@tybys\\wasm-util'
80 silly reify ]
81 verbose reify failed optional dependency F:\Repositorios 2-2026\Capricho-Store\frontend-web\node_modules\@emnapi\wasi-threads
82 silly reify mark deleted [
82 silly reify   'F:\\Repositorios 2-2026\\Capricho-Store\\frontend-web\\node_modules\\@emnapi\\wasi-threads'
82 silly reify ]
83 verbose reify failed optional dependency F:\Repositorios 2-2026\Capricho-Store\frontend-web\node_modules\@rolldown\binding-openharmony-arm64
84 silly reify mark deleted [
84 silly reify   'F:\\Repositorios 2-2026\\Capricho-Store\\frontend-web\\node_modules\\@rolldown\\binding-openharmony-arm64'
84 silly reify ]
85 verbose reify failed optional dependency F:\Repositorios 2-2026\Capricho-Store\frontend-web\node_modules\@rolldown\binding-linux-x64-musl
86 silly reify mark deleted [
86 silly reify   'F:\\Repositorios 2-2026\\Capricho-Store\\frontend-web\\node_modules\\@rolldown\\binding-linux-x64-musl'
86 silly reify ]
87 verbose reify failed optional dependency F:\Repositorios 2-2026\Capricho-Store\frontend-web\node_modules\@rolldown\binding-linux-x64-gnu
88 silly reify mark deleted [
88 silly reify   'F:\\Repositorios 2-2026\\Capricho-Store\\frontend-web\\node_modules\\@rolldown\\binding-linux-x64-gnu'
88 silly reify ]
89 verbose reify failed optional dependency F:\Repositorios 2-2026\Capricho-Store\frontend-web\node_modules\@rolldown\binding-linux-arm64-musl
90 silly reify mark deleted [
90 silly reify   'F:\\Repositorios 2-2026\\Capricho-Store\\frontend-web\\node_modules\\@rolldown\\binding-linux-arm64-musl'
90 silly reify ]
91 verbose reify failed optional dependency F:\Repositorios 2-2026\Capricho-Store\frontend-web\node_modules\@rolldown\binding-linux-arm64-gnu
92 silly reify mark deleted [
92 silly reify   'F:\\Repositorios 2-2026\\Capricho-Store\\frontend-web\\node_modules\\@rolldown\\binding-linux-arm64-gnu'
92 silly reify ]
93 verbose reify failed optional dependency F:\Repositorios 2-2026\Capricho-Store\frontend-web\node_modules\@rolldown\binding-linux-arm-gnueabihf
94 silly reify mark deleted [
94 silly reify   'F:\\Repositorios 2-2026\\Capricho-Store\\frontend-web\\node_modules\\@rolldown\\binding-linux-arm-gnueabihf'
94 silly reify ]
95 verbose reify failed optional dependency F:\Repositorios 2-2026\Capricho-Store\frontend-web\node_modules\@rolldown\binding-freebsd-x64
96 silly reify mark deleted [
96 silly reify   'F:\\Repositorios 2-2026\\Capricho-Store\\frontend-web\\node_modules\\@rolldown\\binding-freebsd-x64'
96 silly reify ]
97 verbose reify failed optional dependency F:\Repositorios 2-2026\Capricho-Store\frontend-web\node_modules\@rolldown\binding-darwin-x64
98 silly reify mark deleted [
98 silly reify   'F:\\Repositorios 2-2026\\Capricho-Store\\frontend-web\\node_modules\\@rolldown\\binding-darwin-x64'
98 silly reify ]
99 verbose reify failed optional dependency F:\Repositorios 2-2026\Capricho-Store\frontend-web\node_modules\@rolldown\binding-darwin-arm64
100 silly reify mark deleted [
100 silly reify   'F:\\Repositorios 2-2026\\Capricho-Store\\frontend-web\\node_modules\\@rolldown\\binding-darwin-arm64'
100 silly reify ]
101 verbose reify failed optional dependency F:\Repositorios 2-2026\Capricho-Store\frontend-web\node_modules\@rolldown\binding-android-arm64
102 silly reify mark deleted [
102 silly reify   'F:\\Repositorios 2-2026\\Capricho-Store\\frontend-web\\node_modules\\@rolldown\\binding-android-arm64'
102 silly reify ]
103 verbose reify failed optional dependency F:\Repositorios 2-2026\Capricho-Store\frontend-web\node_modules\@parcel\watcher-win32-arm64
104 silly reify mark deleted [
104 silly reify   'F:\\Repositorios 2-2026\\Capricho-Store\\frontend-web\\node_modules\\@parcel\\watcher-win32-arm64'
104 silly reify ]
105 verbose reify failed optional dependency F:\Repositorios 2-2026\Capricho-Store\frontend-web\node_modules\@parcel\watcher-linux-x64-musl
106 silly reify mark deleted [
106 silly reify   'F:\\Repositorios 2-2026\\Capricho-Store\\frontend-web\\node_modules\\@parcel\\watcher-linux-x64-musl'
106 silly reify ]
107 verbose reify failed optional dependency F:\Repositorios 2-2026\Capricho-Store\frontend-web\node_modules\@parcel\watcher-linux-x64-glibc
108 silly reify mark deleted [
108 silly reify   'F:\\Repositorios 2-2026\\Capricho-Store\\frontend-web\\node_modules\\@parcel\\watcher-linux-x64-glibc'
108 silly reify ]
109 verbose reify failed optional dependency F:\Repositorios 2-2026\Capricho-Store\frontend-web\node_modules\@parcel\watcher-linux-arm64-musl
110 silly reify mark deleted [
110 silly reify   'F:\\Repositorios 2-2026\\Capricho-Store\\frontend-web\\node_modules\\@parcel\\watcher-linux-arm64-musl'
110 silly reify ]
111 verbose reify failed optional dependency F:\Repositorios 2-2026\Capricho-Store\frontend-web\node_modules\@parcel\watcher-linux-arm64-glibc
112 silly reify mark deleted [
112 silly reify   'F:\\Repositorios 2-2026\\Capricho-Store\\frontend-web\\node_modules\\@parcel\\watcher-linux-arm64-glibc'
112 silly reify ]
113 verbose reify failed optional dependency F:\Repositorios 2-2026\Capricho-Store\frontend-web\node_modules\@parcel\watcher-linux-arm-musl
114 silly reify mark deleted [
114 silly reify   'F:\\Repositorios 2-2026\\Capricho-Store\\frontend-web\\node_modules\\@parcel\\watcher-linux-arm-musl'
114 silly reify ]
115 verbose reify failed optional dependency F:\Repositorios 2-2026\Capricho-Store\frontend-web\node_modules\@parcel\watcher-linux-arm-glibc
116 silly reify mark deleted [
116 silly reify   'F:\\Repositorios 2-2026\\Capricho-Store\\frontend-web\\node_modules\\@parcel\\watcher-linux-arm-glibc'
116 silly reify ]
117 verbose reify failed optional dependency F:\Repositorios 2-2026\Capricho-Store\frontend-web\node_modules\@parcel\watcher-freebsd-x64
118 silly reify mark deleted [
118 silly reify   'F:\\Repositorios 2-2026\\Capricho-Store\\frontend-web\\node_modules\\@parcel\\watcher-freebsd-x64'
118 silly reify ]
119 verbose reify failed optional dependency F:\Repositorios 2-2026\Capricho-Store\frontend-web\node_modules\@parcel\watcher-darwin-x64
120 silly reify mark deleted [
120 silly reify   'F:\\Repositorios 2-2026\\Capricho-Store\\frontend-web\\node_modules\\@parcel\\watcher-darwin-x64'
120 silly reify ]
121 verbose reify failed optional dependency F:\Repositorios 2-2026\Capricho-Store\frontend-web\node_modules\@parcel\watcher-darwin-arm64
122 silly reify mark deleted [
122 silly reify   'F:\\Repositorios 2-2026\\Capricho-Store\\frontend-web\\node_modules\\@parcel\\watcher-darwin-arm64'
122 silly reify ]
123 verbose reify failed optional dependency F:\Repositorios 2-2026\Capricho-Store\frontend-web\node_modules\@parcel\watcher-android-arm64
124 silly reify mark deleted [
124 silly reify   'F:\\Repositorios 2-2026\\Capricho-Store\\frontend-web\\node_modules\\@parcel\\watcher-android-arm64'
124 silly reify ]
125 verbose reify failed optional dependency F:\Repositorios 2-2026\Capricho-Store\frontend-web\node_modules\@napi-rs\nice-win32-ia32-msvc
126 silly reify mark deleted [
126 silly reify   'F:\\Repositorios 2-2026\\Capricho-Store\\frontend-web\\node_modules\\@napi-rs\\nice-win32-ia32-msvc'
126 silly reify ]
127 verbose reify failed optional dependency F:\Repositorios 2-2026\Capricho-Store\frontend-web\node_modules\@napi-rs\nice-win32-arm64-msvc
128 silly reify mark deleted [
128 silly reify   'F:\\Repositorios 2-2026\\Capricho-Store\\frontend-web\\node_modules\\@napi-rs\\nice-win32-arm64-msvc'
128 silly reify ]
129 verbose reify failed optional dependency F:\Repositorios 2-2026\Capricho-Store\frontend-web\node_modules\@napi-rs\nice-openharmony-arm64
130 silly reify mark deleted [
130 silly reify   'F:\\Repositorios 2-2026\\Capricho-Store\\frontend-web\\node_modules\\@napi-rs\\nice-openharmony-arm64'
130 silly reify ]
131 verbose reify failed optional dependency F:\Repositorios 2-2026\Capricho-Store\frontend-web\node_modules\@napi-rs\nice-linux-x64-musl
132 silly reify mark deleted [
132 silly reify   'F:\\Repositorios 2-2026\\Capricho-Store\\frontend-web\\node_modules\\@napi-rs\\nice-linux-x64-musl'
132 silly reify ]
133 verbose reify failed optional dependency F:\Repositorios 2-2026\Capricho-Store\frontend-web\node_modules\@napi-rs\nice-linux-x64-gnu
134 silly reify mark deleted [
134 silly reify   'F:\\Repositorios 2-2026\\Capricho-Store\\frontend-web\\node_modules\\@napi-rs\\nice-linux-x64-gnu'
134 silly reify ]
135 verbose reify failed optional dependency F:\Repositorios 2-2026\Capricho-Store\frontend-web\node_modules\@napi-rs\nice-linux-s390x-gnu
136 silly reify mark deleted [
136 silly reify   'F:\\Repositorios 2-2026\\Capricho-Store\\frontend-web\\node_modules\\@napi-rs\\nice-linux-s390x-gnu'
136 silly reify ]
137 verbose reify failed optional dependency F:\Repositorios 2-2026\Capricho-Store\frontend-web\node_modules\@napi-rs\nice-linux-riscv64-gnu
138 silly reify mark deleted [
138 silly reify   'F:\\Repositorios 2-2026\\Capricho-Store\\frontend-web\\node_modules\\@napi-rs\\nice-linux-riscv64-gnu'
138 silly reify ]
139 verbose reify failed optional dependency F:\Repositorios 2-2026\Capricho-Store\frontend-web\node_modules\@napi-rs\nice-linux-ppc64-gnu
140 silly reify mark deleted [
140 silly reify   'F:\\Repositorios 2-2026\\Capricho-Store\\frontend-web\\node_modules\\@napi-rs\\nice-linux-ppc64-gnu'
140 silly reify ]
141 verbose reify failed optional dependency F:\Repositorios 2-2026\Capricho-Store\frontend-web\node_modules\@napi-rs\nice-linux-arm64-musl
142 silly reify mark deleted [
142 silly reify   'F:\\Repositorios 2-2026\\Capricho-Store\\frontend-web\\node_modules\\@napi-rs\\nice-linux-arm64-musl'
142 silly reify ]
143 verbose reify failed optional dependency F:\Repositorios 2-2026\Capricho-Store\frontend-web\node_modules\@napi-rs\nice-linux-arm64-gnu
144 silly reify mark deleted [
144 silly reify   'F:\\Repositorios 2-2026\\Capricho-Store\\frontend-web\\node_modules\\@napi-rs\\nice-linux-arm64-gnu'
144 silly reify ]
145 verbose reify failed optional dependency F:\Repositorios 2-2026\Capricho-Store\frontend-web\node_modules\@napi-rs\nice-linux-arm-gnueabihf
146 silly reify mark deleted [
146 silly reify   'F:\\Repositorios 2-2026\\Capricho-Store\\frontend-web\\node_modules\\@napi-rs\\nice-linux-arm-gnueabihf'
146 silly reify ]
147 verbose reify failed optional dependency F:\Repositorios 2-2026\Capricho-Store\frontend-web\node_modules\@napi-rs\nice-freebsd-x64
148 silly reify mark deleted [
148 silly reify   'F:\\Repositorios 2-2026\\Capricho-Store\\frontend-web\\node_modules\\@napi-rs\\nice-freebsd-x64'
148 silly reify ]
149 verbose reify failed optional dependency F:\Repositorios 2-2026\Capricho-Store\frontend-web\node_modules\@napi-rs\nice-darwin-x64
150 silly reify mark deleted [
150 silly reify   'F:\\Repositorios 2-2026\\Capricho-Store\\frontend-web\\node_modules\\@napi-rs\\nice-darwin-x64'
150 silly reify ]
151 verbose reify failed optional dependency F:\Repositorios 2-2026\Capricho-Store\frontend-web\node_modules\@napi-rs\nice-darwin-arm64
152 silly reify mark deleted [
152 silly reify   'F:\\Repositorios 2-2026\\Capricho-Store\\frontend-web\\node_modules\\@napi-rs\\nice-darwin-arm64'
152 silly reify ]
153 verbose reify failed optional dependency F:\Repositorios 2-2026\Capricho-Store\frontend-web\node_modules\@napi-rs\nice-android-arm64
154 silly reify mark deleted [
154 silly reify   'F:\\Repositorios 2-2026\\Capricho-Store\\frontend-web\\node_modules\\@napi-rs\\nice-android-arm64'
154 silly reify ]
155 verbose reify failed optional dependency F:\Repositorios 2-2026\Capricho-Store\frontend-web\node_modules\@napi-rs\nice-android-arm-eabi
156 silly reify mark deleted [
156 silly reify   'F:\\Repositorios 2-2026\\Capricho-Store\\frontend-web\\node_modules\\@napi-rs\\nice-android-arm-eabi'
156 silly reify ]
157 verbose reify failed optional dependency F:\Repositorios 2-2026\Capricho-Store\frontend-web\node_modules\@napi-rs\lzma-linux-x64-gnu
158 silly reify mark deleted [
158 silly reify   'F:\\Repositorios 2-2026\\Capricho-Store\\frontend-web\\node_modules\\@napi-rs\\lzma-linux-x64-gnu'
158 silly reify ]
159 verbose reify failed optional dependency F:\Repositorios 2-2026\Capricho-Store\frontend-web\node_modules\@msgpackr-extract\msgpackr-extract-linux-x64
160 silly reify mark deleted [
160 silly reify   'F:\\Repositorios 2-2026\\Capricho-Store\\frontend-web\\node_modules\\@msgpackr-extract\\msgpackr-extract-linux-x64'
160 silly reify ]
161 verbose reify failed optional dependency F:\Repositorios 2-2026\Capricho-Store\frontend-web\node_modules\@msgpackr-extract\msgpackr-extract-linux-arm64
162 silly reify mark deleted [
162 silly reify   'F:\\Repositorios 2-2026\\Capricho-Store\\frontend-web\\node_modules\\@msgpackr-extract\\msgpackr-extract-linux-arm64'
162 silly reify ]
163 verbose reify failed optional dependency F:\Repositorios 2-2026\Capricho-Store\frontend-web\node_modules\@msgpackr-extract\msgpackr-extract-linux-arm
164 silly reify mark deleted [
164 silly reify   'F:\\Repositorios 2-2026\\Capricho-Store\\frontend-web\\node_modules\\@msgpackr-extract\\msgpackr-extract-linux-arm'
164 silly reify ]
165 verbose reify failed optional dependency F:\Repositorios 2-2026\Capricho-Store\frontend-web\node_modules\@msgpackr-extract\msgpackr-extract-darwin-x64
166 silly reify mark deleted [
166 silly reify   'F:\\Repositorios 2-2026\\Capricho-Store\\frontend-web\\node_modules\\@msgpackr-extract\\msgpackr-extract-darwin-x64'
166 silly reify ]
167 verbose reify failed optional dependency F:\Repositorios 2-2026\Capricho-Store\frontend-web\node_modules\@msgpackr-extract\msgpackr-extract-darwin-arm64
168 silly reify mark deleted [
168 silly reify   'F:\\Repositorios 2-2026\\Capricho-Store\\frontend-web\\node_modules\\@msgpackr-extract\\msgpackr-extract-darwin-arm64'
168 silly reify ]
169 verbose reify failed optional dependency F:\Repositorios 2-2026\Capricho-Store\frontend-web\node_modules\@lmdb\lmdb-win32-arm64
170 silly reify mark deleted [
170 silly reify   'F:\\Repositorios 2-2026\\Capricho-Store\\frontend-web\\node_modules\\@lmdb\\lmdb-win32-arm64'
170 silly reify ]
171 verbose reify failed optional dependency F:\Repositorios 2-2026\Capricho-Store\frontend-web\node_modules\@lmdb\lmdb-linux-x64
172 silly reify mark deleted [
172 silly reify   'F:\\Repositorios 2-2026\\Capricho-Store\\frontend-web\\node_modules\\@lmdb\\lmdb-linux-x64'
172 silly reify ]
173 verbose reify failed optional dependency F:\Repositorios 2-2026\Capricho-Store\frontend-web\node_modules\@lmdb\lmdb-linux-arm64
174 silly reify mark deleted [
174 silly reify   'F:\\Repositorios 2-2026\\Capricho-Store\\frontend-web\\node_modules\\@lmdb\\lmdb-linux-arm64'
174 silly reify ]
175 verbose reify failed optional dependency F:\Repositorios 2-2026\Capricho-Store\frontend-web\node_modules\@lmdb\lmdb-linux-arm
176 silly reify mark deleted [
176 silly reify   'F:\\Repositorios 2-2026\\Capricho-Store\\frontend-web\\node_modules\\@lmdb\\lmdb-linux-arm'
176 silly reify ]
177 verbose reify failed optional dependency F:\Repositorios 2-2026\Capricho-Store\frontend-web\node_modules\@lmdb\lmdb-darwin-x64
178 silly reify mark deleted [
178 silly reify   'F:\\Repositorios 2-2026\\Capricho-Store\\frontend-web\\node_modules\\@lmdb\\lmdb-darwin-x64'
178 silly reify ]
179 verbose reify failed optional dependency F:\Repositorios 2-2026\Capricho-Store\frontend-web\node_modules\@lmdb\lmdb-darwin-arm64
180 silly reify mark deleted [
180 silly reify   'F:\\Repositorios 2-2026\\Capricho-Store\\frontend-web\\node_modules\\@lmdb\\lmdb-darwin-arm64'
180 silly reify ]
181 verbose reify failed optional dependency F:\Repositorios 2-2026\Capricho-Store\frontend-web\node_modules\@esbuild\win32-ia32
182 silly reify mark deleted [
182 silly reify   'F:\\Repositorios 2-2026\\Capricho-Store\\frontend-web\\node_modules\\@esbuild\\win32-ia32'
182 silly reify ]
183 verbose reify failed optional dependency F:\Repositorios 2-2026\Capricho-Store\frontend-web\node_modules\@esbuild\win32-arm64
184 silly reify mark deleted [
184 silly reify   'F:\\Repositorios 2-2026\\Capricho-Store\\frontend-web\\node_modules\\@esbuild\\win32-arm64'
184 silly reify ]
185 verbose reify failed optional dependency F:\Repositorios 2-2026\Capricho-Store\frontend-web\node_modules\@esbuild\sunos-x64
186 silly reify mark deleted [
186 silly reify   'F:\\Repositorios 2-2026\\Capricho-Store\\frontend-web\\node_modules\\@esbuild\\sunos-x64'
186 silly reify ]
187 verbose reify failed optional dependency F:\Repositorios 2-2026\Capricho-Store\frontend-web\node_modules\@esbuild\openharmony-arm64
188 silly reify mark deleted [
188 silly reify   'F:\\Repositorios 2-2026\\Capricho-Store\\frontend-web\\node_modules\\@esbuild\\openharmony-arm64'
188 silly reify ]
189 verbose reify failed optional dependency F:\Repositorios 2-2026\Capricho-Store\frontend-web\node_modules\@esbuild\openbsd-x64
190 silly reify mark deleted [
190 silly reify   'F:\\Repositorios 2-2026\\Capricho-Store\\frontend-web\\node_modules\\@esbuild\\openbsd-x64'
190 silly reify ]
191 verbose reify failed optional dependency F:\Repositorios 2-2026\Capricho-Store\frontend-web\node_modules\@esbuild\openbsd-arm64
192 silly reify mark deleted [
192 silly reify   'F:\\Repositorios 2-2026\\Capricho-Store\\frontend-web\\node_modules\\@esbuild\\openbsd-arm64'
192 silly reify ]
193 verbose reify failed optional dependency F:\Repositorios 2-2026\Capricho-Store\frontend-web\node_modules\@esbuild\netbsd-x64
194 silly reify mark deleted [
194 silly reify   'F:\\Repositorios 2-2026\\Capricho-Store\\frontend-web\\node_modules\\@esbuild\\netbsd-x64'
194 silly reify ]
195 verbose reify failed optional dependency F:\Repositorios 2-2026\Capricho-Store\frontend-web\node_modules\@esbuild\netbsd-arm64
196 silly reify mark deleted [
196 silly reify   'F:\\Repositorios 2-2026\\Capricho-Store\\frontend-web\\node_modules\\@esbuild\\netbsd-arm64'
196 silly reify ]
197 verbose reify failed optional dependency F:\Repositorios 2-2026\Capricho-Store\frontend-web\node_modules\@esbuild\linux-x64
198 silly reify mark deleted [
198 silly reify   'F:\\Repositorios 2-2026\\Capricho-Store\\frontend-web\\node_modules\\@esbuild\\linux-x64'
198 silly reify ]
199 verbose reify failed optional dependency F:\Repositorios 2-2026\Capricho-Store\frontend-web\node_modules\@esbuild\linux-s390x
200 silly reify mark deleted [
200 silly reify   'F:\\Repositorios 2-2026\\Capricho-Store\\frontend-web\\node_modules\\@esbuild\\linux-s390x'
200 silly reify ]
201 verbose reify failed optional dependency F:\Repositorios 2-2026\Capricho-Store\frontend-web\node_modules\@esbuild\linux-riscv64
202 silly reify mark deleted [
202 silly reify   'F:\\Repositorios 2-2026\\Capricho-Store\\frontend-web\\node_modules\\@esbuild\\linux-riscv64'
202 silly reify ]
203 verbose reify failed optional dependency F:\Repositorios 2-2026\Capricho-Store\frontend-web\node_modules\@esbuild\linux-ppc64
204 silly reify mark deleted [
204 silly reify   'F:\\Repositorios 2-2026\\Capricho-Store\\frontend-web\\node_modules\\@esbuild\\linux-ppc64'
204 silly reify ]
205 verbose reify failed optional dependency F:\Repositorios 2-2026\Capricho-Store\frontend-web\node_modules\@esbuild\linux-mips64el
206 silly reify mark deleted [
206 silly reify   'F:\\Repositorios 2-2026\\Capricho-Store\\frontend-web\\node_modules\\@esbuild\\linux-mips64el'
206 silly reify ]
207 verbose reify failed optional dependency F:\Repositorios 2-2026\Capricho-Store\frontend-web\node_modules\@esbuild\linux-loong64
208 silly reify mark deleted [
208 silly reify   'F:\\Repositorios 2-2026\\Capricho-Store\\frontend-web\\node_modules\\@esbuild\\linux-loong64'
208 silly reify ]
209 verbose reify failed optional dependency F:\Repositorios 2-2026\Capricho-Store\frontend-web\node_modules\@esbuild\linux-ia32
210 silly reify mark deleted [
210 silly reify   'F:\\Repositorios 2-2026\\Capricho-Store\\frontend-web\\node_modules\\@esbuild\\linux-ia32'
210 silly reify ]
211 verbose reify failed optional dependency F:\Repositorios 2-2026\Capricho-Store\frontend-web\node_modules\@esbuild\linux-arm64
212 silly reify mark deleted [
212 silly reify   'F:\\Repositorios 2-2026\\Capricho-Store\\frontend-web\\node_modules\\@esbuild\\linux-arm64'
212 silly reify ]
213 verbose reify failed optional dependency F:\Repositorios 2-2026\Capricho-Store\frontend-web\node_modules\@esbuild\linux-arm
214 silly reify mark deleted [
214 silly reify   'F:\\Repositorios 2-2026\\Capricho-Store\\frontend-web\\node_modules\\@esbuild\\linux-arm'
214 silly reify ]
215 verbose reify failed optional dependency F:\Repositorios 2-2026\Capricho-Store\frontend-web\node_modules\@esbuild\freebsd-x64
216 silly reify mark deleted [
216 silly reify   'F:\\Repositorios 2-2026\\Capricho-Store\\frontend-web\\node_modules\\@esbuild\\freebsd-x64'
216 silly reify ]
217 verbose reify failed optional dependency F:\Repositorios 2-2026\Capricho-Store\frontend-web\node_modules\@esbuild\freebsd-arm64
218 silly reify mark deleted [
218 silly reify   'F:\\Repositorios 2-2026\\Capricho-Store\\frontend-web\\node_modules\\@esbuild\\freebsd-arm64'
218 silly reify ]
219 verbose reify failed optional dependency F:\Repositorios 2-2026\Capricho-Store\frontend-web\node_modules\@esbuild\darwin-x64
220 silly reify mark deleted [
220 silly reify   'F:\\Repositorios 2-2026\\Capricho-Store\\frontend-web\\node_modules\\@esbuild\\darwin-x64'
220 silly reify ]
221 verbose reify failed optional dependency F:\Repositorios 2-2026\Capricho-Store\frontend-web\node_modules\@esbuild\darwin-arm64
222 silly reify mark deleted [
222 silly reify   'F:\\Repositorios 2-2026\\Capricho-Store\\frontend-web\\node_modules\\@esbuild\\darwin-arm64'
222 silly reify ]
223 verbose reify failed optional dependency F:\Repositorios 2-2026\Capricho-Store\frontend-web\node_modules\@esbuild\android-x64
224 silly reify mark deleted [
224 silly reify   'F:\\Repositorios 2-2026\\Capricho-Store\\frontend-web\\node_modules\\@esbuild\\android-x64'
224 silly reify ]
225 verbose reify failed optional dependency F:\Repositorios 2-2026\Capricho-Store\frontend-web\node_modules\@esbuild\android-arm64
226 silly reify mark deleted [
226 silly reify   'F:\\Repositorios 2-2026\\Capricho-Store\\frontend-web\\node_modules\\@esbuild\\android-arm64'
226 silly reify ]
227 verbose reify failed optional dependency F:\Repositorios 2-2026\Capricho-Store\frontend-web\node_modules\@esbuild\android-arm
228 silly reify mark deleted [
228 silly reify   'F:\\Repositorios 2-2026\\Capricho-Store\\frontend-web\\node_modules\\@esbuild\\android-arm'
228 silly reify ]
229 verbose reify failed optional dependency F:\Repositorios 2-2026\Capricho-Store\frontend-web\node_modules\@esbuild\aix-ppc64
230 silly reify mark deleted [
230 silly reify   'F:\\Repositorios 2-2026\\Capricho-Store\\frontend-web\\node_modules\\@esbuild\\aix-ppc64'
230 silly reify ]
231 http cache @fontsource/alef@https://registry.npmjs.org/@fontsource/alef/-/alef-5.3.0.tgz 0ms (cache hit)
232 http cache @emnapi/wasi-threads@https://registry.npmjs.org/@emnapi/wasi-threads/-/wasi-threads-1.2.3.tgz 0ms (cache hit)
233 http cache @tybys/wasm-util@https://registry.npmjs.org/@tybys/wasm-util/-/wasm-util-0.10.3.tgz 0ms (cache hit)
234 silly tarball no local data for @fontsource/alef@https://registry.npmjs.org/@fontsource/alef/-/alef-5.3.0.tgz. Extracting by manifest.
235 http cache @napi-rs/wasm-runtime@https://registry.npmjs.org/@napi-rs/wasm-runtime/-/wasm-runtime-1.2.3.tgz 0ms (cache hit)
236 http cache @emnapi/runtime@https://registry.npmjs.org/@emnapi/runtime/-/runtime-1.11.3.tgz 0ms (cache hit)
237 http cache @emnapi/core@https://registry.npmjs.org/@emnapi/core/-/core-1.11.3.tgz 0ms (cache hit)
238 http fetch POST 200 https://registry.npmjs.org/-/npm/v1/security/advisories/bulk 330ms
239 silly audit report {}
240 http fetch GET 200 https://registry.npmjs.org/@fontsource/alef/-/alef-5.3.0.tgz 1312ms (cache miss)
241 silly ADD node_modules/@fontsource/alef
242 silly ADD
243 silly ADD
244 silly ADD
245 silly ADD
246 silly ADD
247 silly ADD
248 silly ADD
249 silly ADD
250 silly ADD
251 silly ADD
252 silly ADD
253 silly ADD
254 silly ADD
255 silly ADD
256 silly ADD
257 silly ADD
258 silly ADD
259 silly ADD
260 silly ADD
261 silly ADD
262 silly ADD
263 silly ADD
264 silly ADD
265 silly ADD
266 silly ADD
267 silly ADD
268 silly ADD
269 silly ADD
270 silly ADD
271 silly ADD
272 silly ADD
273 silly ADD
274 silly ADD
275 silly ADD
276 silly ADD
277 silly ADD
278 silly ADD
279 silly ADD
280 silly ADD
281 silly ADD
282 silly ADD
283 silly ADD
284 silly ADD
285 silly ADD
286 silly ADD
287 silly ADD
288 silly ADD
289 silly ADD
290 silly ADD
291 silly ADD
292 silly ADD
293 silly ADD
294 silly ADD
295 silly ADD
296 silly ADD
297 silly ADD
298 silly ADD
299 silly ADD
300 silly ADD
301 silly ADD
302 silly ADD
303 silly ADD
304 silly ADD
305 silly ADD
306 silly ADD
307 silly ADD
308 silly ADD
309 silly ADD
310 silly ADD
311 silly ADD
312 silly ADD
313 silly ADD
314 silly ADD
315 silly ADD
316 silly ADD
317 silly ADD
318 silly ADD
319 silly ADD
320 silly ADD
321 silly ADD
322 silly ADD
323 silly ADD
324 silly ADD
325 silly ADD
326 silly ADD
327 silly ADD
328 silly ADD
329 silly ADD
330 silly ADD
331 silly ADD
332 silly ADD
333 silly ADD
334 silly ADD
335 silly ADD
336 silly ADD
337 silly ADD
338 silly ADD
339 silly ADD
340 silly ADD
341 silly ADD
342 silly ADD
343 silly ADD
344 silly ADD
345 silly ADD
346 silly ADD
347 verbose cwd F:\Repositorios 2-2026\Capricho-Store\frontend-web
348 verbose os Windows_NT 10.0.26200
349 verbose node v22.19.0
350 verbose npm  v10.9.3
351 verbose exit 0
352 info ok
